{
  "status": "matched",
  "journal_id": "27753ad8d6d249efb4911c5a4fef3d40",
  "sku": "TE032AS001",
  "os_version": "2.5.1",
  "entries": [
    {
      "project": 3,
      "group": "D",
      "pad": 1,
      "slot": 11,
      "expected_crc": 4110227308,
      "actual_crc": 4110227308,
      "expected_frames": 12516,
      "actual_frames": 12516,
      "stored_slot": 11,
      "stored_length": 12516,
      "matched": true
    },
    {
      "project": 3,
      "group": "D",
      "pad": 2,
      "slot": 18,
      "expected_crc": 724770344,
      "actual_crc": 724770344,
      "expected_frames": 11972,
      "actual_frames": 11972,
      "stored_slot": 18,
      "stored_length": 11972,
      "matched": true
    },
    {
      "project": 3,
      "group": "D",
      "pad": 3,
      "slot": 21,
      "expected_crc": 1843795253,
      "actual_crc": 1843795253,
      "expected_frames": 12515,
      "actual_frames": 12515,
      "stored_slot": 21,
      "stored_length": 12515,
      "matched": true
    },
    {
      "project": 3,
      "group": "D",
      "pad": 4,
      "slot": 22,
      "expected_crc": 920204265,
      "actual_crc": 920204265,
      "expected_frames": 13061,
      "actual_frames": 13061,
      "stored_slot": 22,
      "stored_length": 13061,
      "matched": true
    },
    {
      "project": 3,
      "group": "D",
      "pad": 5,
      "slot": 23,
      "expected_crc": 1667208063,
      "actual_crc": 1667208063,
      "expected_frames": 10885,
      "actual_frames": 10885,
      "stored_slot": 23,
      "stored_length": 10885,
      "matched": true
    },
    {
      "project": 3,
      "group": "D",
      "pad": 6,
      "slot": 24,
      "expected_crc": 2722655288,
      "actual_crc": 2722655288,
      "expected_frames": 4355,
      "actual_frames": 4355,
      "stored_slot": 24,
      "stored_length": 4355,
      "matched": true
    },
    {
      "project": 3,
      "group": "D",
      "pad": 7,
      "slot": 25,
      "expected_crc": 1651104209,
      "actual_crc": 1651104209,
      "expected_frames": 11429,
      "actual_frames": 11429,
      "stored_slot": 25,
      "stored_length": 11429,
      "matched": true
    },
    {
      "project": 3,
      "group": "D",
      "pad": 8,
      "slot": 27,
      "expected_crc": 306617355,
      "actual_crc": 306617355,
      "expected_frames": 9253,
      "actual_frames": 9253,
      "stored_slot": 27,
      "stored_length": 9253,
      "matched": true
    },
    {
      "project": 3,
      "group": "D",
      "pad": 9,
      "slot": 28,
      "expected_crc": 242781792,
      "actual_crc": 242781792,
      "expected_frames": 4900,
      "actual_frames": 4900,
      "stored_slot": 28,
      "stored_length": 4900,
      "matched": true
    }
  ],
  "power_cycle_and_playback": "Require separate owner observation."
}
